Creating FIFO...
Verifying FIFO is empty...
Adding data...
Verifying data...
Manipulating the FIFO...
Verifying altered size...
Creating a copy...
Verifying contents of copy...
Relocating contents of original FIFO...
FIFO test succeeded!
