Checking for environment variables that should not yet exist...
Setting environment variables...
Verifying set environment variables...
Unsetting environment variables...
Checking set environment variables...
Checking unset environment variables...
libc_setenv test succeeded!
