printing 120 bytes

    ....+....1....+....2....+....3....+....4
    abc.....abc.....abc.....abc.....abc.....
    abc.....abc.....abc.....abc.....abc.....
    abc.....abc.....abc.....abc.....abc.....
    
