Testing globus_cond_timedwait()

Test 1: Signal at 1, timeout at 5
Test 1: Signalled state as expected
Test 1: Timedout state as expected
Test 1: SUCCESS
Test 2: Signal at 5, timeout at 1
Test 2: Signalled state as expected
Test 2: Timedout state as expected
Test 2: SUCCESS
Test 3: Signal at 5, timeout at -1
Test 3: Signalled state as expected
Test 3: Timedout state as expected
Test 3: SUCCESS
--------------------------------
ALL TESTS COMPLETED SUCCESSFULLY
--------------------------------
