==================================
   Starting poll tests pass 0
==================================
----------------------------------
Performing basic one_shot test [pass 0]
Basic test passed [pass 0]
----------------------------------
Performing basic periodic test [pass 0]
Basic Periodic test passed [pass 0]
----------------------------------
Performing nested wait test [pass 0]
Nested test passed [pass 0]
----------------------------------
Performing Time/Starvation Test [pass 0]
Time/Starvation test passed [pass 0]
----------------------------------
CPU HOG Test [pass 0]
CPU HOG test test passed [pass 0]
----------------------------------
Random Stress Test [pass 0]
Random Stress test passed [pass 0]
----------------------------------
Adjust Period Test [pass 0]
Adjust Period test passed [pass 0]
==================================
        End poll tests 
==================================
