[globus_common]: Error doing something hard at main:17
