globus_args_scan returned 1
error_msg = null
after args_scan : argc = 1
	argv[ 0] = [globus_args_test]
option list : 
	id=1 arity=0
test 1 returned 1
globus_args_scan returned 1
error_msg = null
after args_scan : argc = 1
	argv[ 0] = [globus_args_test]
option list : 
	id=5 arity=1
		val[ 0] = [globus_common_args_test]
test 2 returned 1
globus_args_scan returned 1
error_msg = null
after args_scan : argc = 1
	argv[ 0] = [globus_args_test]
option list : 
	id=2 arity=2
		val[ 0] = [globus_common_args_test]
		val[ 1] = [3]
test 3 returned 1
globus_args_scan returned 1
error_msg = null
after args_scan : argc = 1
	argv[ 0] = [globus_args_test]
option list : 
	id=4 arity=1
		val[ 0] = [12]
test 4 returned 1
globus_args_scan returned 1
error_msg = null
after args_scan : argc = 1
	argv[ 0] = [globus_args_test]
option list : 
	id=4 arity=1
		val[ 0] = [0x2F]
test 5 returned 1
globus_args_scan returned -1
error_msg = null
test 6 returned -1
globus_args_scan returned 1
error_msg = null
after args_scan : argc = 1
	argv[ 0] = [globus_args_test]
option list : 
	id=4 arity=1
		val[ 0] = [077]
test 7 returned 1
globus_args_scan returned -1
error_msg = null
test 8 returned -1
globus_args_scan returned -1
error_msg = null
test 9 returned -1
globus_args_scan returned -1
error_msg = null
test 10 returned -1
globus_args_scan returned -1
error_msg = null
test 11 returned -1
globus_args_scan returned 1
error_msg = null
after args_scan : argc = 1
	argv[ 0] = [globus_args_test]
option list : 
	id=3 arity=1
		val[ 0] = [bolas.isi.edu]
test 12 returned 1
globus_args_scan returned -1
error_msg = null
test 13 returned -1
