Testing globus_url_parse()
------------------------------------
ALL TESTS SUCCESSFUL
------------------------------------
