Creating handle table...
Adding elements...
Incrementing references...
Removing references...
destructor() called; count is 1
destructor() called; count is 2
Looking up references...
Final counts--
object1_count: 0
object2_count: 1
object3_count: 0
Destroying the table...
destructor() called; count is 3
handle table test succeeded!
