checking size of null list...
inserting first item into list...
checking whether globus_list_cons() adds another item...
inserting additional items into list...
checking list size again...
searching for items using globus_list_search()...
searching for items using globus_list_search_pred()...
removing items from list...
verifying that list is now empty...
cleaning up...
Success
list test succeeded!
