0000: main() - starting 10 producer and 5 consumer threads
0000: main() - all threads started
0000: main() - all threads have completed their work
0000: main() - all threads terminated
