Runing basic gssapi authentication test
Spawning server ./gss-server...
  server log is server.log
Sleeping to give server a chance to start...
Done sleeping
Getting proxy certificate for client
  logging output to proxy_init.log
Running client ./gss-client
Sending init_sec_context token (size=50)...continue needed...
Sending init_sec_context token (size=1875)...continue needed...
Sending init_sec_context token (size=22)...
context flag: GSS_C_MUTUAL_FLAG
context flag: GSS_C_REPLAY_FLAG
context flag: GSS_C_SEQUENCE_FLAG
context flag: GSS_C_INTEG_FLAG 
Signature verified.
Cleaning up
Success.
