Setting permissions on server key to 0400
Setting permissions on client key to 0400
Success
